
Allocating common symbols
Common symbol       size              file

idt_ptr             0x6               kernel/global.o
inode_table         0xb00             kernel/global.o
task_stack          0x24000           kernel/global.o
k_reenter           0x4               kernel/global.o
gdt                 0x400             kernel/global.o
current_console     0x4               kernel/global.o
pcaller             0x4               kernel/global.o
tty_table           0xc6c             kernel/global.o
tss                 0x68              kernel/global.o
fs_msg              0x30              kernel/global.o
memory_size         0x4               kernel/global.o
f_desc_table        0x400             kernel/global.o
root_inode          0x4               kernel/global.o
disp_pos            0x4               kernel/global.o
mm_msg              0x30              kernel/global.o
slice_time          0xc               kernel/global.o
key_pressed         0x4               kernel/global.o
gdt_ptr             0x6               kernel/global.o
idt                 0x800             kernel/global.o
super_block         0x1e0             kernel/global.o
PARTITION_ENTRY     0x10              kernel/hd.o
ticks               0x4               kernel/global.o
console_table       0x3c              kernel/global.o
irq_table           0x40              kernel/global.o
p_proc_ready        0x4               kernel/global.o
proc_table          0x3cfe            kernel/global.o

Discarded input sections

 .note.GNU-stack
                0x0000000000000000        0x0 kernel/checkstack.o
 .note.GNU-stack
                0x0000000000000000        0x0 kernel/clock.o
 .note.GNU-stack
                0x0000000000000000        0x0 kernel/console.o
 .note.GNU-stack
                0x0000000000000000        0x0 kernel/global.o
 .note.GNU-stack
                0x0000000000000000        0x0 kernel/hd.o
 .note.GNU-stack
                0x0000000000000000        0x0 kernel/i8259.o
 .note.GNU-stack
                0x0000000000000000        0x0 kernel/keyboard.o
 .note.GNU-stack
                0x0000000000000000        0x0 kernel/klib.o
 .note.GNU-stack
                0x0000000000000000        0x0 kernel/main.o
 .note.GNU-stack
                0x0000000000000000        0x0 kernel/proc.o
 .note.GNU-stack
                0x0000000000000000        0x0 kernel/protect.o
 .note.GNU-stack
                0x0000000000000000        0x0 kernel/start.o
 .note.GNU-stack
                0x0000000000000000        0x0 kernel/systask.o
 .note.GNU-stack
                0x0000000000000000        0x0 kernel/tty.o
 .note.GNU-stack
                0x0000000000000000        0x0 lib/close.o
 .note.GNU-stack
                0x0000000000000000        0x0 lib/crcCalc.o
 .note.GNU-stack
                0x0000000000000000        0x0 lib/exec.o
 .note.GNU-stack
                0x0000000000000000        0x0 lib/exit.o
 .note.GNU-stack
                0x0000000000000000        0x0 lib/fork.o
 .note.GNU-stack
                0x0000000000000000        0x0 lib/getpid.o
 .note.GNU-stack
                0x0000000000000000        0x0 lib/lseek.o
 .note.GNU-stack
                0x0000000000000000        0x0 lib/misc.o
 .note.GNU-stack
                0x0000000000000000        0x0 lib/open.o
 .note.GNU-stack
                0x0000000000000000        0x0 lib/printf.o
 .note.GNU-stack
                0x0000000000000000        0x0 lib/read.o
 .note.GNU-stack
                0x0000000000000000        0x0 lib/stat.o
 .note.GNU-stack
                0x0000000000000000        0x0 lib/syslog.o
 .note.GNU-stack
                0x0000000000000000        0x0 lib/unlink.o
 .note.GNU-stack
                0x0000000000000000        0x0 lib/vsprintf.o
 .note.GNU-stack
                0x0000000000000000        0x0 lib/wait.o
 .note.GNU-stack
                0x0000000000000000        0x0 lib/write.o
 .note.GNU-stack
                0x0000000000000000        0x0 fs/disklog.o
 .note.GNU-stack
                0x0000000000000000        0x0 fs/link.o
 .note.GNU-stack
                0x0000000000000000        0x0 fs/main.o
 .note.GNU-stack
                0x0000000000000000        0x0 fs/misc.o
 .note.GNU-stack
                0x0000000000000000        0x0 fs/open.o
 .note.GNU-stack
                0x0000000000000000        0x0 fs/read_write.o
 .note.GNU-stack
                0x0000000000000000        0x0 mm/exec.o
 .note.GNU-stack
                0x0000000000000000        0x0 mm/forkexit.o
 .note.GNU-stack
                0x0000000000000000        0x0 mm/main.o
 .note.GNU-stack
                0x0000000000000000        0x0 mm/map.o

Memory Configuration

Name             Origin             Length             Attributes
*default*        0x0000000000000000 0xffffffffffffffff

Linker script and memory map

Address of section .text set to 0x1000
LOAD kernel/kernel.o
LOAD kernel/kliba.o
LOAD lib/string.o
LOAD lib/syscall.o
LOAD kernel/checkstack.o
LOAD kernel/clock.o
LOAD kernel/console.o
LOAD kernel/global.o
LOAD kernel/hd.o
LOAD kernel/i8259.o
LOAD kernel/keyboard.o
LOAD kernel/klib.o
LOAD kernel/main.o
LOAD kernel/proc.o
LOAD kernel/protect.o
LOAD kernel/start.o
LOAD kernel/systask.o
LOAD kernel/tty.o
LOAD lib/close.o
LOAD lib/crcCalc.o
LOAD lib/exec.o
LOAD lib/exit.o
LOAD lib/fork.o
LOAD lib/getpid.o
LOAD lib/lseek.o
LOAD lib/misc.o
LOAD lib/open.o
LOAD lib/printf.o
LOAD lib/read.o
LOAD lib/stat.o
LOAD lib/syslog.o
LOAD lib/unlink.o
LOAD lib/vsprintf.o
LOAD lib/wait.o
LOAD lib/write.o
LOAD fs/disklog.o
LOAD fs/link.o
LOAD fs/main.o
LOAD fs/misc.o
LOAD fs/open.o
LOAD fs/read_write.o
LOAD mm/exec.o
LOAD mm/forkexit.o
LOAD mm/main.o
LOAD mm/map.o
LOAD lib/orangescrt.a
                0x0000000008048000                PROVIDE (__executable_start, 0x8048000)
                0x0000000008048094                . = (0x8048000 + SIZEOF_HEADERS)

.interp
 *(.interp)

.note.gnu.build-id
 *(.note.gnu.build-id)

.hash
 *(.hash)

.gnu.hash
 *(.gnu.hash)

.dynsym
 *(.dynsym)

.dynstr
 *(.dynstr)

.gnu.version
 *(.gnu.version)

.gnu.version_d
 *(.gnu.version_d)

.gnu.version_r
 *(.gnu.version_r)

.rel.dyn        0x0000000008048094        0x0
 *(.rel.init)
 *(.rel.text .rel.text.* .rel.gnu.linkonce.t.*)
 .rel.text      0x0000000000000000        0x0 kernel/kernel.o
 *(.rel.fini)
 *(.rel.rodata .rel.rodata.* .rel.gnu.linkonce.r.*)
 *(.rel.data.rel.ro .rel.data.rel.ro.* .rel.gnu.linkonce.d.rel.ro.*)
 *(.rel.data .rel.data.* .rel.gnu.linkonce.d.*)
 .rel.data      0x0000000000000000        0x0 kernel/kernel.o
 *(.rel.tdata .rel.tdata.* .rel.gnu.linkonce.td.*)
 *(.rel.tbss .rel.tbss.* .rel.gnu.linkonce.tb.*)
 *(.rel.ctors)
 *(.rel.dtors)
 *(.rel.got)
 *(.rel.bss .rel.bss.* .rel.gnu.linkonce.b.*)
 *(.rel.ifunc)

.rel.plt        0x0000000008048094        0x0
 *(.rel.plt)
                0x0000000008048094                PROVIDE (__rel_iplt_start, .)
 *(.rel.iplt)
 .rel.iplt      0x0000000000000000        0x0 kernel/kernel.o
                0x0000000008048094                PROVIDE (__rel_iplt_end, .)

.init
 *(SORT(.init))

.plt            0x00000000080480a0        0x0
 *(.plt)
 *(.iplt)
 .iplt          0x0000000000000000        0x0 kernel/kernel.o

.text           0x0000000000001000     0xd534
 *(.text.unlikely .text.*_unlikely .text.unlikely.*)
 *(.text.exit .text.exit.*)
 *(.text.startup .text.startup.*)
 *(.text.hot .text.hot.*)
 *(.text .stub .text.* .gnu.linkonce.t.*)
 .text          0x0000000000001000      0x41c kernel/kernel.o
                0x0000000000001000                _start
                0x0000000000001040                hwint00
                0x0000000000001070                hwint01
                0x00000000000010a0                hwint02
                0x00000000000010d0                hwint03
                0x0000000000001100                hwint04
                0x0000000000001130                hwint05
                0x0000000000001160                hwint06
                0x0000000000001190                hwint07
                0x00000000000011c0                hwint08
                0x00000000000011f0                hwint09
                0x0000000000001220                hwint10
                0x0000000000001250                hwint11
                0x0000000000001280                hwint12
                0x00000000000012b0                hwint13
                0x00000000000012e0                hwint14
                0x0000000000001310                hwint15
                0x0000000000001334                divide_error
                0x000000000000133a                single_step_exception
                0x0000000000001340                nmi
                0x0000000000001346                breakpoint_exception
                0x000000000000134c                overflow
                0x0000000000001352                bounds_check
                0x0000000000001358                inval_opcode
                0x000000000000135e                copr_not_available
                0x0000000000001364                double_fault
                0x0000000000001368                copr_seg_overrun
                0x000000000000136e                inval_tss
                0x0000000000001372                segment_not_present
                0x0000000000001376                stack_exception
                0x000000000000137a                general_protection
                0x000000000000137e                page_fault
                0x000000000000138e                copr_error
                0x00000000000013d7                sys_call
                0x00000000000013f7                restart
 *fill*         0x000000000000141c        0x4 
 .text          0x0000000000001420      0x19a kernel/kliba.o
                0x0000000000001420                disp_str
                0x000000000000145e                disp_color_str
                0x000000000000149d                out_byte
                0x00000000000014a9                in_byte
                0x00000000000014b3                port_read
                0x00000000000014c6                port_write
                0x00000000000014d9                disable_irq
                0x000000000000150e                enable_irq
                0x000000000000152d                disable_int
                0x000000000000152f                enable_int
                0x0000000000001531                glitter
 *fill*         0x00000000000015ba        0x6 
 .text          0x00000000000015c0       0x78 lib/string.o
                0x00000000000015c0                memcpy
                0x00000000000015e9                memset
                0x000000000000160a                strcpy
                0x0000000000001622                strlen
 *fill*         0x0000000000001638        0x8 
 .text          0x0000000000001640       0x30 lib/syscall.o
                0x0000000000001640                sendrec
                0x000000000000165a                printx
                0x0000000000001668                checkstack
 .text          0x0000000000001670       0xc8 kernel/checkstack.o
                0x0000000000001670                sys_checkstack
 .text          0x0000000000001738      0x149 kernel/clock.o
                0x0000000000001738                clock_handler
                0x00000000000017e4                milli_delay
                0x000000000000181d                init_clock
 .text          0x0000000000001881      0x7e1 kernel/console.o
                0x0000000000001881                init_screen
                0x00000000000019f2                out_char
                0x0000000000001ce8                is_current_console
                0x0000000000001ddd                select_console
                0x0000000000001e18                scroll_screen
 .text          0x0000000000002062        0x0 kernel/global.o
 .text          0x0000000000002062      0xd88 kernel/hd.o
                0x0000000000002062                task_hd
                0x0000000000002c48                hd_cmd_out
                0x0000000000002d68                waitfor
                0x0000000000002dc5                hd_handler
 .text          0x0000000000002dea      0x13c kernel/i8259.o
                0x0000000000002dea                init_8259A
                0x0000000000002edb                spurious_irq
                0x0000000000002f06                put_irq_handler
 .text          0x0000000000002f26      0x6cf kernel/keyboard.o
                0x0000000000002f26                keyboard_handler
                0x0000000000002f8c                init_keyboard
                0x000000000000303b                keyboard_read
 .text          0x00000000000035f5      0x2d2 kernel/klib.o
                0x00000000000035f5                get_boot_params
                0x0000000000003695                get_kernel_map
                0x00000000000037b1                itoa
                0x000000000000385c                disp_int
                0x0000000000003881                delay
 .text          0x00000000000038c7      0xc43 kernel/main.o
                0x00000000000038c7                kernel_main
                0x0000000000003c76                get_ticks
                0x0000000000003cae                untar
                0x0000000000004047                shabby_shell
                0x0000000000004336                Init
                0x00000000000044ab                TestA
                0x00000000000044b0                TestB
                0x00000000000044b5                TestC
                0x00000000000044ba                panic
 .text          0x000000000000450a     0x19c8 kernel/proc.o
                0x000000000000450a                schedule
                0x0000000000004682                sys_sendrec
                0x00000000000047e0                ldt_seg_linear
                0x000000000000482a                va2la
                0x0000000000004899                reset_msg
                0x0000000000005884                inform_int
                0x0000000000005a26                dump_proc
                0x0000000000005d8b                dump_msg
 .text          0x0000000000005ed2      0xb19 kernel/protect.o
                0x0000000000005ed2                init_prot
                0x000000000000652c                seg2linear
                0x000000000000657b                init_desc
                0x00000000000065e7                exception_handler
                0x0000000000006714                page_fault_handler
                0x00000000000068a6                swap_rw
 .text          0x00000000000069eb       0x8e kernel/start.o
                0x00000000000069eb                cstart
 .text          0x0000000000006a79      0x2cf kernel/systask.o
                0x0000000000006a79                task_sys
 .text          0x0000000000006d48      0x9d2 kernel/tty.o
                0x0000000000006d48                task_tty
                0x0000000000006efc                in_process
                0x0000000000007422                sys_printx
                0x00000000000075c3                dump_tty_buf
 .text          0x000000000000771a       0x33 lib/close.o
                0x000000000000771a                close
 .text          0x000000000000774d       0xe5 lib/crcCalc.o
                0x000000000000774d                crc_32_calc
                0x00000000000077a8                check_validdata
 .text          0x0000000000007832      0x263 lib/exec.o
                0x0000000000007832                exec
                0x00000000000078ad                execl
                0x00000000000078d3                execv
 .text          0x0000000000007a95       0x5c lib/exit.o
                0x0000000000007a95                exit
 .text          0x0000000000007af1       0x84 lib/fork.o
                0x0000000000007af1                fork
 .text          0x0000000000007b75       0x59 lib/getpid.o
                0x0000000000007b75                getpid
 .text          0x0000000000007bce       0x3f lib/lseek.o
                0x0000000000007bce                lseek
 .text          0x0000000000007c0d      0x288 lib/misc.o
                0x0000000000007c0d                send_recv
                0x0000000000007ced                memcmp
                0x0000000000007d63                strcmp
                0x0000000000007dd5                strcat
                0x0000000000007e34                spin
                0x0000000000007e4f                assertion_failure
 .text          0x0000000000007e95       0x73 lib/open.o
                0x0000000000007e95                open
 .text          0x0000000000007f08       0xc0 lib/printf.o
                0x0000000000007f08                printf
                0x0000000000007f87                printl
 .text          0x0000000000007fc8       0x3f lib/read.o
                0x0000000000007fc8                read
 .text          0x0000000000008007       0x73 lib/stat.o
                0x0000000000008007                stat
 .text          0x000000000000807a       0x75 lib/syslog.o
                0x000000000000807a                syslog
 .text          0x00000000000080ef       0x41 lib/unlink.o
                0x00000000000080ef                unlink
 .text          0x0000000000008130      0x318 lib/vsprintf.o
                0x0000000000008193                vsprintf
                0x000000000000841e                sprintf
 .text          0x0000000000008448       0x44 lib/wait.o
                0x0000000000008448                wait
 .text          0x000000000000848c       0x3f lib/write.o
                0x000000000000848c                write
 .text          0x00000000000084cb     0x214f fs/disklog.o
                0x00000000000084cb                disklog
                0x0000000000008b11                dump_fd_graph
 .text          0x000000000000a61a      0x8f6 fs/link.o
                0x000000000000a61a                do_unlink
 .text          0x000000000000af10     0x12b5 fs/main.o
                0x000000000000af10                task_fs
                0x000000000000bb61                rw_sector
                0x000000000000bd9d                get_super_block
                0x000000000000bde3                get_inode
                0x000000000000bf51                put_inode
                0x000000000000bf96                sync_inode
 .text          0x000000000000c1c5      0x3f6 fs/misc.o
                0x000000000000c1c5                do_stat
                0x000000000000c3b6                search_file
                0x000000000000c52f                strip_path
 .text          0x000000000000c5bb      0xc4b fs/open.o
                0x000000000000c5bb                do_open
                0x000000000000cb38                do_close
                0x000000000000cbaf                do_lseek
 .text          0x000000000000d206      0x522 fs/read_write.o
                0x000000000000d206                do_rdwt
 .text          0x000000000000d728      0x3da mm/exec.o
                0x000000000000d728                do_exec
 .text          0x000000000000db02      0x6d1 mm/forkexit.o
                0x000000000000db02                do_fork
                0x000000000000df32                do_exit
                0x000000000000e118                do_wait
 .text          0x000000000000e1d3      0x2a3 mm/main.o
                0x000000000000e1d3                task_mm
                0x000000000000e341                alloc_page
                0x000000000000e3fd                free_pages
 .text          0x000000000000e476       0xbe mm/map.o
                0x000000000000e476                set_bit
                0x000000000000e4b4                clear_bit
                0x000000000000e4f4                get_bit
 *(.gnu.warning)

.fini
 *(SORT(.fini))
                0x000000000000e534                PROVIDE (__etext, .)
                0x000000000000e534                PROVIDE (_etext, .)
                0x000000000000e534                PROVIDE (etext, .)

.rodata         0x000000000000e540     0x2662
 *(.rodata .rodata.* .gnu.linkonce.r.*)
 .rodata        0x000000000000e540       0x35 kernel/checkstack.o
 *fill*         0x000000000000e575        0x3 
 .rodata        0x000000000000e578       0x5b kernel/console.o
 *fill*         0x000000000000e5d3        0x1 
 .rodata        0x000000000000e5d4       0x10 kernel/global.o
                0x000000000000e5d4                FSBUF_SIZE
                0x000000000000e5d8                MMBUF_SIZE
                0x000000000000e5dc                LOGBUF_SIZE
                0x000000000000e5e0                LOGDISKBUF_SIZE
 .rodata        0x000000000000e5e4      0x15c kernel/hd.o
 .rodata        0x000000000000e740       0x11 kernel/i8259.o
 *fill*         0x000000000000e751        0x3 
 .rodata        0x000000000000e754       0x64 kernel/keyboard.o
 .rodata        0x000000000000e7b8       0x6a kernel/klib.o
 *fill*         0x000000000000e822        0x2 
 .rodata        0x000000000000e824      0x1ec kernel/main.o
 .rodata        0x000000000000ea10      0x5da kernel/proc.o
 *fill*         0x000000000000efea       0x16 
 .rodata        0x000000000000f000      0x5f1 kernel/protect.o
 *fill*         0x000000000000f5f1        0x3 
 .rodata        0x000000000000f5f4       0x47 kernel/start.o
 .rodata        0x000000000000f63b       0x11 kernel/systask.o
 .rodata        0x000000000000f64c      0x13c kernel/tty.o
 .rodata        0x000000000000f788       0x87 lib/exec.o
 .rodata        0x000000000000f80f       0x23 lib/exit.o
 .rodata        0x000000000000f832       0x33 lib/fork.o
 .rodata        0x000000000000f865       0x25 lib/getpid.o
 *fill*         0x000000000000f88a        0x2 
 .rodata        0x000000000000f88c       0xad lib/misc.o
 .rodata        0x000000000000f939       0x23 lib/open.o
 .rodata        0x000000000000f95c       0x14 lib/printf.o
 .rodata        0x000000000000f970       0x23 lib/stat.o
 .rodata        0x000000000000f993       0x1e lib/syslog.o
 *fill*         0x000000000000f9b1        0x3 
 .rodata        0x000000000000f9b4      0x806 fs/disklog.o
 *fill*         0x00000000000101ba        0x2 
 .rodata        0x00000000000101bc      0x1ad fs/link.o
 *fill*         0x0000000000010369        0x3 
 .rodata        0x000000000001036c      0x2ce fs/main.o
 *fill*         0x000000000001063a        0x2 
 .rodata        0x000000000001063c       0x60 fs/misc.o
 .rodata        0x000000000001069c      0x1c8 fs/open.o
 .rodata        0x0000000000010864      0x164 fs/read_write.o
 .rodata        0x00000000000109c8       0xc4 mm/exec.o
 .rodata        0x0000000000010a8c       0xe7 mm/forkexit.o
 .rodata        0x0000000000010b73       0x2f mm/main.o

.rodata1
 *(.rodata1)

.eh_frame_hdr
 *(.eh_frame_hdr)

.eh_frame       0x0000000000010ba4     0x1418
 *(.eh_frame)
 .eh_frame      0x0000000000010ba4       0x38 kernel/checkstack.o
 .eh_frame      0x0000000000010bdc       0x60 kernel/clock.o
                                         0x78 (size before relaxing)
 .eh_frame      0x0000000000010c3c      0x148 kernel/console.o
                                        0x160 (size before relaxing)
 .eh_frame      0x0000000000010d84      0x1e8 kernel/hd.o
                                        0x200 (size before relaxing)
 .eh_frame      0x0000000000010f6c       0x60 kernel/i8259.o
                                         0x78 (size before relaxing)
 .eh_frame      0x0000000000010fcc       0xe0 kernel/keyboard.o
                                         0xf8 (size before relaxing)
 .eh_frame      0x00000000000110ac       0xa0 kernel/klib.o
                                         0xb8 (size before relaxing)
 .eh_frame      0x000000000001114c      0x114 kernel/main.o
                                        0x12c (size before relaxing)
 .eh_frame      0x0000000000011260      0x1c0 kernel/proc.o
                                        0x1d8 (size before relaxing)
 .eh_frame      0x0000000000011420       0xf0 kernel/protect.o
                                        0x108 (size before relaxing)
 .eh_frame      0x0000000000011510       0x20 kernel/start.o
                                         0x38 (size before relaxing)
 .eh_frame      0x0000000000011530       0x5c kernel/systask.o
                                         0x74 (size before relaxing)
 .eh_frame      0x000000000001158c      0x13c kernel/tty.o
                                        0x154 (size before relaxing)
 .eh_frame      0x00000000000116c8       0x20 lib/close.o
                                         0x38 (size before relaxing)
 .eh_frame      0x00000000000116e8       0x40 lib/crcCalc.o
                                         0x58 (size before relaxing)
 .eh_frame      0x0000000000011728       0x60 lib/exec.o
                                         0x78 (size before relaxing)
 .eh_frame      0x0000000000011788       0x20 lib/exit.o
                                         0x38 (size before relaxing)
 .eh_frame      0x00000000000117a8       0x20 lib/fork.o
                                         0x38 (size before relaxing)
 .eh_frame      0x00000000000117c8       0x20 lib/getpid.o
                                         0x38 (size before relaxing)
 .eh_frame      0x00000000000117e8       0x20 lib/lseek.o
                                         0x38 (size before relaxing)
 .eh_frame      0x0000000000011808       0xbc lib/misc.o
                                         0xd4 (size before relaxing)
 .eh_frame      0x00000000000118c4       0x20 lib/open.o
                                         0x38 (size before relaxing)
 .eh_frame      0x00000000000118e4       0x40 lib/printf.o
                                         0x58 (size before relaxing)
 .eh_frame      0x0000000000011924       0x20 lib/read.o
                                         0x38 (size before relaxing)
 .eh_frame      0x0000000000011944       0x20 lib/stat.o
                                         0x38 (size before relaxing)
 .eh_frame      0x0000000000011964       0x20 lib/syslog.o
                                         0x38 (size before relaxing)
 .eh_frame      0x0000000000011984       0x20 lib/unlink.o
                                         0x38 (size before relaxing)
 .eh_frame      0x00000000000119a4       0x68 lib/vsprintf.o
                                         0x80 (size before relaxing)
 .eh_frame      0x0000000000011a0c       0x20 lib/wait.o
                                         0x38 (size before relaxing)
 .eh_frame      0x0000000000011a2c       0x20 lib/write.o
                                         0x38 (size before relaxing)
 .eh_frame      0x0000000000011a4c       0x60 fs/disklog.o
                                         0x78 (size before relaxing)
 .eh_frame      0x0000000000011aac       0x2c fs/link.o
                                         0x44 (size before relaxing)
 .eh_frame      0x0000000000011ad8      0x174 fs/main.o
                                        0x18c (size before relaxing)
 .eh_frame      0x0000000000011c4c       0x70 fs/misc.o
                                         0x88 (size before relaxing)
 .eh_frame      0x0000000000011cbc      0x128 fs/open.o
                                        0x140 (size before relaxing)
 .eh_frame      0x0000000000011de4       0x2c fs/read_write.o
                                         0x44 (size before relaxing)
 .eh_frame      0x0000000000011e10       0x2c mm/exec.o
                                         0x44 (size before relaxing)
 .eh_frame      0x0000000000011e3c       0x90 mm/forkexit.o
                                         0xa8 (size before relaxing)
 .eh_frame      0x0000000000011ecc       0x7c mm/main.o
                                         0x94 (size before relaxing)
 .eh_frame      0x0000000000011f48       0x74 mm/map.o
                                         0x8c (size before relaxing)

.gcc_except_table
 *(.gcc_except_table .gcc_except_table.*)

.exception_ranges
 *(.exception_ranges .exception_ranges*)
                0x0000000000011fbc                . = (ALIGN (0x1000) - ((0x1000 - .) & 0xfff))
                0x0000000000012000                . = DATA_SEGMENT_ALIGN (0x1000, 0x1000)

.eh_frame
 *(.eh_frame)

.gcc_except_table
 *(.gcc_except_table .gcc_except_table.*)

.exception_ranges
 *(.exception_ranges .exception_ranges*)

.tdata
 *(.tdata .tdata.* .gnu.linkonce.td.*)

.tbss
 *(.tbss .tbss.* .gnu.linkonce.tb.*)
 *(.tcommon)

.preinit_array  0x0000000000012000        0x0
                0x0000000000012000                PROVIDE (__preinit_array_start, .)
 *(.preinit_array)
                0x0000000000012000                PROVIDE (__preinit_array_end, .)

.init_array     0x0000000000012000        0x0
                0x0000000000012000                PROVIDE (__init_array_start, .)
 *(SORT(.init_array.*) SORT(.ctors.*))
 *(.init_array EXCLUDE_FILE(*crtend?.o *crtend.o *crtbegin?.o *crtbegin.o) .ctors)
                0x0000000000012000                PROVIDE (__init_array_end, .)

.fini_array     0x0000000000012000        0x0
                0x0000000000012000                PROVIDE (__fini_array_start, .)
 *(SORT(.fini_array.*) SORT(.dtors.*))
 *(.fini_array EXCLUDE_FILE(*crtend?.o *crtend.o *crtbegin?.o *crtbegin.o) .dtors)
                0x0000000000012000                PROVIDE (__fini_array_end, .)

.ctors
 *crtbegin.o(.ctors)
 *crtbegin?.o(.ctors)
 *(EXCLUDE_FILE(*crtend?.o *crtend.o) .ctors)
 *(SORT(.ctors.*))
 *(.ctors)

.dtors
 *crtbegin.o(.dtors)
 *crtbegin?.o(.dtors)
 *(EXCLUDE_FILE(*crtend?.o *crtend.o) .dtors)
 *(SORT(.dtors.*))
 *(.dtors)

.jcr
 *(.jcr)

.data.rel.ro
 *(.data.rel.ro.local* .gnu.linkonce.d.rel.ro.local.*)
 *(.data.rel.ro .data.rel.ro.* .gnu.linkonce.d.rel.ro.*)

.dynamic
 *(.dynamic)

.got
 *(.got)
 *(.igot)
                0x0000000000012000                . = DATA_SEGMENT_RELRO_END (., (SIZEOF (.got.plt) >= 0xc)?0xc:0x0)

.got.plt        0x0000000000012000        0x0
 *(.got.plt)
 *(.igot.plt)
 .igot.plt      0x0000000000000000        0x0 kernel/kernel.o

.data           0x0000000000012000      0xc20
 *(.data .data.* .gnu.linkonce.d.*)
 .data          0x0000000000012000        0x2 kernel/kernel.o
 .data          0x0000000000012002        0x0 kernel/checkstack.o
 .data          0x0000000000012002        0x0 kernel/clock.o
 .data          0x0000000000012002        0x0 kernel/console.o
 *fill*         0x0000000000012002       0x1e 
 .data          0x0000000000012020      0x1b4 kernel/global.o
                0x0000000000012020                task_table
                0x0000000000012100                user_proc_table
                0x00000000000121a0                sys_call_table
                0x00000000000121ac                dd_map
                0x00000000000121c4                fsbuf
                0x00000000000121c8                mmbuf
                0x00000000000121cc                logbuf
                0x00000000000121d0                logdiskbuf
 .data          0x00000000000121d4        0x0 kernel/hd.o
 .data          0x00000000000121d4        0x0 kernel/i8259.o
 *fill*         0x00000000000121d4        0xc 
 .data          0x00000000000121e0      0x600 kernel/keyboard.o
                0x00000000000121e0                keymap
 .data          0x00000000000127e0        0x0 kernel/klib.o
 .data          0x00000000000127e0        0x0 kernel/main.o
 .data          0x00000000000127e0        0x0 kernel/proc.o
 .data          0x00000000000127e0        0x0 kernel/protect.o
 .data          0x00000000000127e0        0x0 kernel/start.o
 .data          0x00000000000127e0        0x0 kernel/systask.o
 .data          0x00000000000127e0       0x22 kernel/tty.o
 .data          0x0000000000012802        0x0 lib/close.o
 *fill*         0x0000000000012802       0x1e 
 .data          0x0000000000012820      0x400 lib/crcCalc.o
 .data          0x0000000000012c20        0x0 lib/exec.o
 .data          0x0000000000012c20        0x0 lib/exit.o
 .data          0x0000000000012c20        0x0 lib/fork.o
 .data          0x0000000000012c20        0x0 lib/getpid.o
 .data          0x0000000000012c20        0x0 lib/lseek.o
 .data          0x0000000000012c20        0x0 lib/misc.o
 .data          0x0000000000012c20        0x0 lib/open.o
 .data          0x0000000000012c20        0x0 lib/printf.o
 .data          0x0000000000012c20        0x0 lib/read.o
 .data          0x0000000000012c20        0x0 lib/stat.o
 .data          0x0000000000012c20        0x0 lib/syslog.o
 .data          0x0000000000012c20        0x0 lib/unlink.o
 .data          0x0000000000012c20        0x0 lib/vsprintf.o
 .data          0x0000000000012c20        0x0 lib/wait.o
 .data          0x0000000000012c20        0x0 lib/write.o
 .data          0x0000000000012c20        0x0 fs/disklog.o
 .data          0x0000000000012c20        0x0 fs/link.o
 .data          0x0000000000012c20        0x0 fs/main.o
 .data          0x0000000000012c20        0x0 fs/misc.o
 .data          0x0000000000012c20        0x0 fs/open.o
 .data          0x0000000000012c20        0x0 fs/read_write.o
 .data          0x0000000000012c20        0x0 mm/exec.o
 .data          0x0000000000012c20        0x0 mm/forkexit.o
 .data          0x0000000000012c20        0x0 mm/main.o
 .data          0x0000000000012c20        0x0 mm/map.o

.data1
 *(.data1)
                0x0000000000012c20                _edata = .
                0x0000000000012c20                PROVIDE (edata, .)
                0x0000000000012c20                . = .
                0x0000000000012c20                __bss_start = .

.bss            0x0000000000012c20    0x509f0
 *(.dynbss)
 *(.bss .bss.* .gnu.linkonce.b.*)
 .bss           0x0000000000012c20     0x1000 kernel/kernel.o
 .bss           0x0000000000013c20        0x0 kernel/checkstack.o
 .bss           0x0000000000013c20        0x0 kernel/clock.o
 .bss           0x0000000000013c20        0x0 kernel/console.o
 .bss           0x0000000000013c20        0x0 kernel/global.o
 .bss           0x0000000000013c20      0x64c kernel/hd.o
 .bss           0x000000000001426c        0x0 kernel/i8259.o
 *fill*         0x000000000001426c       0x14 
 .bss           0x0000000000014280       0x58 kernel/keyboard.o
 .bss           0x00000000000142d8        0x0 kernel/klib.o
 .bss           0x00000000000142d8        0x0 kernel/main.o
 .bss           0x00000000000142d8        0x0 kernel/proc.o
 .bss           0x00000000000142d8        0x0 kernel/protect.o
 .bss           0x00000000000142d8        0x0 kernel/start.o
 .bss           0x00000000000142d8        0x0 kernel/systask.o
 .bss           0x00000000000142d8        0x0 kernel/tty.o
 .bss           0x00000000000142d8        0x0 lib/close.o
 *fill*         0x00000000000142d8        0x8 
 .bss           0x00000000000142e0     0x4fd0 lib/crcCalc.o
                0x00000000000142e0                file_checksum_count
                0x0000000000014300                file_checksums
 .bss           0x00000000000192b0        0x0 lib/exec.o
 .bss           0x00000000000192b0        0x0 lib/exit.o
 .bss           0x00000000000192b0        0x0 lib/fork.o
 .bss           0x00000000000192b0        0x0 lib/getpid.o
 .bss           0x00000000000192b0        0x0 lib/lseek.o
 .bss           0x00000000000192b0        0x0 lib/misc.o
 .bss           0x00000000000192b0        0x0 lib/open.o
 .bss           0x00000000000192b0        0x0 lib/printf.o
 .bss           0x00000000000192b0        0x0 lib/read.o
 .bss           0x00000000000192b0        0x0 lib/stat.o
 .bss           0x00000000000192b0        0x0 lib/syslog.o
 .bss           0x00000000000192b0        0x0 lib/unlink.o
 .bss           0x00000000000192b0        0x0 lib/vsprintf.o
 .bss           0x00000000000192b0        0x0 lib/wait.o
 .bss           0x00000000000192b0        0x0 lib/write.o
 *fill*         0x00000000000192b0       0x10 
 .bss           0x00000000000192c0      0x208 fs/disklog.o
 .bss           0x00000000000194c8        0x0 fs/link.o
 .bss           0x00000000000194c8        0x0 fs/main.o
 .bss           0x00000000000194c8        0x0 fs/misc.o
 .bss           0x00000000000194c8        0x0 fs/open.o
 .bss           0x00000000000194c8        0x0 fs/read_write.o
 .bss           0x00000000000194c8        0x0 mm/exec.o
 .bss           0x00000000000194c8        0x0 mm/forkexit.o
 .bss           0x00000000000194c8        0x4 mm/main.o
                0x00000000000194c8                FIFO
 *fill*         0x00000000000194cc       0x14 
 .bss           0x00000000000194e0    0x1f848 mm/map.o
                0x00000000000194e0                visual_page_map
                0x000000000001a3a0                phys_page_map
                0x000000000001a660                swap_map
                0x000000000001b520                visual_page_queue
                0x0000000000038d20                visual_page_queue_head
                0x0000000000038d24                visual_page_queue_tail
 *(COMMON)
 *fill*         0x0000000000038d28       0x18 
 COMMON         0x0000000000038d40    0x2a8be kernel/global.o
                0x0000000000038d40                idt_ptr
                0x0000000000038d60                inode_table
                0x0000000000039860                task_stack
                0x000000000005d860                k_reenter
                0x000000000005d880                gdt
                0x000000000005dc80                current_console
                0x000000000005dc84                pcaller
                0x000000000005dca0                tty_table
                0x000000000005e920                tss
                0x000000000005e9a0                fs_msg
                0x000000000005e9d0                memory_size
                0x000000000005e9e0                f_desc_table
                0x000000000005ede0                root_inode
                0x000000000005ede4                disp_pos
                0x000000000005ee00                mm_msg
                0x000000000005ee30                slice_time
                0x000000000005ee3c                key_pressed
                0x000000000005ee40                gdt_ptr
                0x000000000005ee60                idt
                0x000000000005f660                super_block
                0x000000000005f840                ticks
                0x000000000005f860                console_table
                0x000000000005f8a0                irq_table
                0x000000000005f8e0                p_proc_ready
                0x000000000005f900                proc_table
 COMMON         0x00000000000635fe       0x10 kernel/hd.o
                0x00000000000635fe                PARTITION_ENTRY
                0x0000000000063610                . = ALIGN ((. != 0x0)?0x4:0x1)
 *fill*         0x000000000006360e        0x2 
                0x0000000000063610                . = ALIGN (0x4)
                0x0000000000063610                . = SEGMENT_START ("ldata-segment", .)
                0x0000000000063610                . = ALIGN (0x4)
                0x0000000000063610                _end = .
                0x0000000000063610                PROVIDE (end, .)
                0x0000000000063610                . = DATA_SEGMENT_END (.)

.stab
 *(.stab)

.stabstr
 *(.stabstr)

.stab.excl
 *(.stab.excl)

.stab.exclstr
 *(.stab.exclstr)

.stab.index
 *(.stab.index)

.stab.indexstr
 *(.stab.indexstr)

.comment        0x0000000000000000       0x2b
 *(.comment)
 .comment       0x0000000000000000       0x2b kernel/checkstack.o
                                         0x2c (size before relaxing)
 .comment       0x0000000000000000       0x2c kernel/clock.o
 .comment       0x0000000000000000       0x2c kernel/console.o
 .comment       0x0000000000000000       0x2c kernel/global.o
 .comment       0x0000000000000000       0x2c kernel/hd.o
 .comment       0x0000000000000000       0x2c kernel/i8259.o
 .comment       0x0000000000000000       0x2c kernel/keyboard.o
 .comment       0x0000000000000000       0x2c kernel/klib.o
 .comment       0x0000000000000000       0x2c kernel/main.o
 .comment       0x0000000000000000       0x2c kernel/proc.o
 .comment       0x0000000000000000       0x2c kernel/protect.o
 .comment       0x0000000000000000       0x2c kernel/start.o
 .comment       0x0000000000000000       0x2c kernel/systask.o
 .comment       0x0000000000000000       0x2c kernel/tty.o
 .comment       0x0000000000000000       0x2c lib/close.o
 .comment       0x0000000000000000       0x2c lib/crcCalc.o
 .comment       0x0000000000000000       0x2c lib/exec.o
 .comment       0x0000000000000000       0x2c lib/exit.o
 .comment       0x0000000000000000       0x2c lib/fork.o
 .comment       0x0000000000000000       0x2c lib/getpid.o
 .comment       0x0000000000000000       0x2c lib/lseek.o
 .comment       0x0000000000000000       0x2c lib/misc.o
 .comment       0x0000000000000000       0x2c lib/open.o
 .comment       0x0000000000000000       0x2c lib/printf.o
 .comment       0x0000000000000000       0x2c lib/read.o
 .comment       0x0000000000000000       0x2c lib/stat.o
 .comment       0x0000000000000000       0x2c lib/syslog.o
 .comment       0x0000000000000000       0x2c lib/unlink.o
 .comment       0x0000000000000000       0x2c lib/vsprintf.o
 .comment       0x0000000000000000       0x2c lib/wait.o
 .comment       0x0000000000000000       0x2c lib/write.o
 .comment       0x0000000000000000       0x2c fs/disklog.o
 .comment       0x0000000000000000       0x2c fs/link.o
 .comment       0x0000000000000000       0x2c fs/main.o
 .comment       0x0000000000000000       0x2c fs/misc.o
 .comment       0x0000000000000000       0x2c fs/open.o
 .comment       0x0000000000000000       0x2c fs/read_write.o
 .comment       0x0000000000000000       0x2c mm/exec.o
 .comment       0x0000000000000000       0x2c mm/forkexit.o
 .comment       0x0000000000000000       0x2c mm/main.o
 .comment       0x0000000000000000       0x2c mm/map.o

.debug
 *(.debug)

.line
 *(.line)

.debug_srcinfo
 *(.debug_srcinfo)

.debug_sfnames
 *(.debug_sfnames)

.debug_aranges
 *(.debug_aranges)

.debug_pubnames
 *(.debug_pubnames)

.debug_info
 *(.debug_info .gnu.linkonce.wi.*)

.debug_abbrev
 *(.debug_abbrev)

.debug_line
 *(.debug_line .debug_line.* .debug_line_end)

.debug_frame
 *(.debug_frame)

.debug_str
 *(.debug_str)

.debug_loc
 *(.debug_loc)

.debug_macinfo
 *(.debug_macinfo)

.debug_weaknames
 *(.debug_weaknames)

.debug_funcnames
 *(.debug_funcnames)

.debug_typenames
 *(.debug_typenames)

.debug_varnames
 *(.debug_varnames)

.debug_pubtypes
 *(.debug_pubtypes)

.debug_ranges
 *(.debug_ranges)

.debug_macro
 *(.debug_macro)

.gnu.attributes
 *(.gnu.attributes)

/DISCARD/
 *(.note.GNU-stack)
 *(.gnu_debuglink)
 *(.gnu.lto_*)
OUTPUT(kernel.bin elf32-i386)
